2. modification

tests
t
es

tse
ts
e
t
setsetlr kdfg
dfg
fd
ghdf
g
fd
gsdfsdfs
df